task=vrptw_500
run_dir=/data1/gushengda/NDS_runs_fisher_dpp/nds_vrptw_500
config=vrptw_500.yaml
gpu=5
repo=/data1/gushengda/NDS_fisher_dpp
commit=44766e090c575876b47c741d84016cb14ee2a269
started_at=2026-07-25T08:07:35+00:00
[2026-07-25 08:07:38] train.py(60) : ================================================================================
Configuration
================================================================================
env_params:
  problem: vrptw
  problem_size: 500
  num_nodes_to_remove: 15
  iterations_per_instance: 100
  recreate_n: 5
  beta: 0
  insert_in_new_tours_only: true
  num_processes: 8
  generator_params:
    use_X_generator: true
    rootPos: 2
    custPos: 2
    demandType: 2
    avgRouteSize: 3
    service_window: 1800
    time_window_size: 400
    service_duration: 50
  starting_solution_params:
    nb_iterations: 100
    nb_nodes_ratio: 0.25
model_params:
  problem: ${env_params.problem}
  embedding_dim: 128
  poly_embedding_dim: 256
  sqrt_embedding_dim: 11.3137
  encoder_layer_num: 2
  tour_layer: true
  message_passing_layer_num: 1
  encoder_layer_num_2: 2
  qkv_dim: 16
  head_num: 8
  logit_clipping: 10
  ff_hidden_dim: 512
  eval_type: softmax
  z_dim: 10
optimizer_params:
  optimizer:
    lr: 0.0001
    weight_decay: 1.0e-06
  scheduler:
    milestones:
    - 8001
    - 8051
    gamma: 0.1
trainer_params:
  use_cuda: true
  cuda_device_num: 0
  reward_type: i
  epochs: 2000
  iterations_per_epoch: 150000
  train_batch_size: 64
  grad_acc_iterations: ${env_params.iterations_per_instance}
  rollout_size: 128
  dpp_objective:
    enabled: true
    subset_size: 16
    reward_ema_decay: 0.99
    reward_eps: 1.0e-08
    reward_clip: 10.0
    feature_eps: 1.0e-12
    match_nds_gradient_scale: true
  nb_skipped_iterations: 10
  prev_model_path: None
  model_save_interval: 10
  model_load:
    enable: false
    path: null
    epoch: null
  valid_episodes: 1000
  valid_iterations: 50
  valid_batch_size: 50
  valid_rollout_size: 100
  valid_augmentation_enable: true
  valid_aug_factor: 8
  valid_data_load:
    enable: true
    filename: data/vrptw/vrptw500_valid_seed1233_2_2_2_3_1800_400_50.pt
logger_params:
  desc: train_vrptw_500
  wandb:
    enable: true
    project: NDS
  filepath: /data1/gushengda/NDS_runs_fisher_dpp/nds_vrptw_500
  filename: log.txt
================================================================================
[2026-07-25 08:07:38] checksum.py(46) : Failed to find compiled extension; rebuilding.
[2026-07-25 08:07:38] checksum.py(46) : Failed to find compiled extension; rebuilding.
[2026-07-25 08:07:38] checksum.py(46) : Failed to find compiled extension; rebuilding.
[2026-07-25 08:07:38] checksum.py(46) : Failed to find compiled extension; rebuilding.
[2026-07-25 08:07:38] checksum.py(46) : Failed to find compiled extension; rebuilding.
[2026-07-25 08:07:38] checksum.py(46) : Failed to find compiled extension; rebuilding.
[2026-07-25 08:07:38] checksum.py(46) : Failed to find compiled extension; rebuilding.
[2026-07-25 08:07:38] checksum.py(46) : Failed to find compiled extension; rebuilding.
[2026-07-25 08:07:39] checksum.py(46) : Failed to find compiled extension; rebuilding.
[2026-07-25 08:07:39] checksum.py(46) : Failed to find compiled extension; rebuilding.
[2026-07-25 08:07:39] checksum.py(46) : Failed to find compiled extension; rebuilding.
[2026-07-25 08:07:39] checksum.py(46) : Failed to find compiled extension; rebuilding.
wandb: WARNING Path /data1/gushengda/NDS_runs_fisher_dpp/nds_vrptw_500/wandb/wandb/ wasn't writable, using system temp directory.
[2026-07-25 08:07:39] checksum.py(46) : Failed to find compiled extension; rebuilding.
[2026-07-25 08:07:39] checksum.py(46) : Failed to find compiled extension; rebuilding.
wandb: Using wandb-core as the SDK backend.  Please refer to https://wandb.me/wandb-core for more information.
[2026-07-25 08:07:39] checksum.py(46) : Failed to find compiled extension; rebuilding.
[2026-07-25 08:07:39] checksum.py(46) : Failed to find compiled extension; rebuilding.
wandb: WARNING `resume` will be ignored since W&B syncing is set to `offline`. Starting a new run with run id p5dennj0.
wandb: Tracking run with wandb version 0.19.2
wandb: W&B syncing is set to `offline` in this directory.  
wandb: Run `wandb online` or set WANDB_MODE=online to enable cloud syncing.
[2026-07-25 08:07:40] trainer.py(190) : ================================================================================
In file included from /data1/gushengda/NDS_fisher_dpp/src/cpp/vrptw/Instance.cpp:1:
/data1/gushengda/NDS_fisher_dpp/src/cpp/vrptw/Instance.h: In constructor ‘Instance::Instance(int, int, const std::vector<int>&, const std::vector<float>&, const std::vector<float>&, const std::vector<float>&, const std::vector<std::vector<float> >&)’:
/data1/gushengda/NDS_fisher_dpp/src/cpp/vrptw/Instance.h:40:24: warning: ‘Instance::serviceTime’ will be initialized after [-Wreorder]
   40 |     std::vector<float> serviceTime; // Service time required at each node
      |                        ^~~~~~~~~~~
/data1/gushengda/NDS_fisher_dpp/src/cpp/vrptw/Instance.h:33:37: warning:   ‘std::vector<std::vector<float> > Instance::nodePositions’ [-Wreorder]
   33 |     std::vector<std::vector<float>> nodePositions;    // 2D coordinates of each node
      |                                     ^~~~~~~~~~~~~
/data1/gushengda/NDS_fisher_dpp/src/cpp/vrptw/Instance.cpp:6:1: warning:   when initialized here [-Wreorder]
    6 | Instance::Instance(int numCustomers, int vehicleCapacity,
      | ^~~~~~~~
/data1/gushengda/NDS_fisher_dpp/src/cpp/vrptw/Instance.cpp:20:23: warning: comparison of integer expressions of different signedness: ‘std::vector<int>::size_type’ {aka ‘long unsigned int’} and ‘int’ [-Wsign-compare]
   20 |     if (demand.size() != numNodes) {
      |         ~~~~~~~~~~~~~~^~~~~~~~~~~
/data1/gushengda/NDS_fisher_dpp/src/cpp/vrptw/Solution.cpp: In member function ‘std::unordered_set<int> ModifiedSolution::destroy(float, int, float)’:
/data1/gushengda/NDS_fisher_dpp/src/cpp/vrptw/Solution.cpp:215:22: warning: comparison of integer expressions of different signedness: ‘std::unordered_set<Tour*>::size_type’ {aka ‘long unsigned int’} and ‘int’ [-Wsign-compare]
  215 |         if (R.size() >= ks) {
      |             ~~~~~~~~~^~~~~
/data1/gushengda/NDS_fisher_dpp/src/cpp/vrptw/Solution.cpp: In member function ‘void ModifiedSolution::repair(const std::vector<int>&, float, bool)’:
/data1/gushengda/NDS_fisher_dpp/src/cpp/vrptw/Solution.cpp:291:35: warning: comparison of integer expressions of different signedness: ‘int’ and ‘std::vector<Tour>::size_type’ {aka ‘long unsigned int’} [-Wsign-compare]
  291 |         for (int t_idx = 0; t_idx < originalSolution.tours.size(); ++t_idx) {
      |                             ~~~~~~^~~~~~~~~~~~~~~~~~~~~~~~~~~~~~~
/data1/gushengda/NDS_fisher_dpp/src/cpp/vrptw/Solution.cpp:345:51: warning: comparison of integer expressions of different signedness: ‘int’ and ‘std::vector<int>::size_type’ {aka ‘long unsigned int’} [-Wsign-compare]
  345 |                     for (int new_pos = 0; new_pos < tour.nodes.size(); ++new_pos) {
      |                                           ~~~~~~~~^~~~~~~~~~~~~~~~~~~
/data1/gushengda/NDS_fisher_dpp/src/cpp/vrptw/Solution.cpp:382:35: warning: comparison of integer expressions of different signedness: ‘int’ and ‘std::vector<Tour>::size_type’ {aka ‘long unsigned int’} [-Wsign-compare]
  382 |         for (int t_idx = 0; t_idx < newTours.size(); ++t_idx) {
      |                             ~~~~~~^~~~~~~~~~~~~~~~~
/data1/gushengda/NDS_fisher_dpp/src/cpp/vrptw/Solution.cpp:392:47: warning: comparison of integer expressions of different signedness: ‘int’ and ‘std::vector<int>::size_type’ {aka ‘long unsigned int’} [-Wsign-compare]
  392 |                 for (int new_pos = 0; new_pos < tour.nodes.size(); ++new_pos) {
      |                                       ~~~~~~~~^~~~~~~~~~~~~~~~~~~
/data1/gushengda/NDS_fisher_dpp/src/cpp/vrptw/Solution.cpp: In instantiation of ‘ModifiedSolution::repair(const std::vector<int>&, float, bool)::<lambda(const auto:1&, int&, int, float&, int&, bool&)> [with auto:1 = Tour]’:
/data1/gushengda/NDS_fisher_dpp/src/cpp/vrptw/Solution.cpp:351:83:   required from here
/data1/gushengda/NDS_fisher_dpp/src/cpp/vrptw/Solution.cpp:309:33: warning: comparison of integer expressions of different signedness: ‘int’ and ‘std::vector<int>::size_type’ {aka ‘long unsigned int’} [-Wsign-compare]
  309 |         for (int j = new_pos; j < tour.nodes.size(); ++j) {
      |                               ~~^~~~~~~~~~~~~~~~~~~
/data1/gushengda/NDS_fisher_dpp/src/cpp/vrptw/Tour.cpp: In member function ‘void Tour::updateCostAndDemand(const Instance&)’:
/data1/gushengda/NDS_fisher_dpp/src/cpp/vrptw/Tour.cpp:20:27: warning: comparison of integer expressions of different signedness: ‘int’ and ‘std::vector<int>::size_type’ {aka ‘long unsigned int’} [-Wsign-compare]
   20 |         for (int j = 0; j < nodes.size() - 1; ++j) {
      |                         ~~^~~~~~~~~~~~~~~~~~
/data1/gushengda/anaconda3/envs/rlco1/lib/python3.11/site-packages/torch/autograd/graph.py:825: UserWarning: cuDNN SDPA backward got grad_output.strides() != output.strides(), attempting to materialize a grad_output with matching strides... (Triggered internally at /opt/conda/conda-bld/pytorch_1727971040866/work/aten/src/ATen/native/cudnn/MHA.cpp:674.)
  return Variable._execution_engine.run_backward(  # Calls into the C++ engine to run the backward pass
[2026-07-25 08:08:16] trainer.py(557) : Epoch   1  |  Train 6400/150000 (  4.3%)  |  Reward: 0.0243  |  Loss: 0.0021  |  Improved: 0.988  |  Positive: 0.186  |  DPP:  0.393  |  Sim: 0.986  |  Cost:   52.93
[2026-07-25 08:08:51] trainer.py(557) : Epoch   1  |  Train 12800/150000 (  8.5%)  |  Reward: 0.0227  |  Loss: 0.0019  |  Improved: 0.988  |  Positive: 0.187  |  DPP:  0.486  |  Sim: 0.987  |  Cost:   52.25
[2026-07-25 08:09:20] trainer.py(557) : Epoch   1  |  Train 19200/150000 ( 12.8%)  |  Reward: 0.0227  |  Loss: 0.0017  |  Improved: 0.985  |  Positive: 0.189  |  DPP:  0.563  |  Sim: 0.987  |  Cost:   52.68
[2026-07-25 08:09:46] trainer.py(557) : Epoch   1  |  Train 25600/150000 ( 17.1%)  |  Reward: 0.0227  |  Loss: 0.0016  |  Improved: 0.986  |  Positive: 0.193  |  DPP:  0.613  |  Sim: 0.988  |  Cost:   53.16
[2026-07-25 08:10:12] trainer.py(557) : Epoch   1  |  Train 32000/150000 ( 21.3%)  |  Reward: 0.0225  |  Loss: 0.0015  |  Improved: 0.984  |  Positive: 0.191  |  DPP:  0.639  |  Sim: 0.988  |  Cost:   52.86
[2026-07-25 08:10:38] trainer.py(557) : Epoch   1  |  Train 38400/150000 ( 25.6%)  |  Reward: 0.0223  |  Loss: 0.0015  |  Improved: 0.985  |  Positive: 0.192  |  DPP:  0.661  |  Sim: 0.988  |  Cost:   52.76
[2026-07-25 08:11:02] trainer.py(557) : Epoch   1  |  Train 44800/150000 ( 29.9%)  |  Reward: 0.0223  |  Loss: 0.0015  |  Improved: 0.985  |  Positive: 0.193  |  DPP:  0.679  |  Sim: 0.988  |  Cost:   52.88
[2026-07-25 08:11:26] trainer.py(557) : Epoch   1  |  Train 51200/150000 ( 34.1%)  |  Reward: 0.0223  |  Loss: 0.0015  |  Improved: 0.985  |  Positive: 0.193  |  DPP:  0.688  |  Sim: 0.988  |  Cost:   52.96
[2026-07-25 08:11:52] trainer.py(557) : Epoch   1  |  Train 57600/150000 ( 38.4%)  |  Reward: 0.0223  |  Loss: 0.0015  |  Improved: 0.985  |  Positive: 0.193  |  DPP:  0.703  |  Sim: 0.987  |  Cost:   52.74
[2026-07-25 08:12:28] trainer.py(557) : Epoch   1  |  Train 64000/150000 ( 42.7%)  |  Reward: 0.0222  |  Loss: 0.0014  |  Improved: 0.984  |  Positive: 0.194  |  DPP:  0.708  |  Sim: 0.987  |  Cost:   52.66
