task=cvrp_500
run_dir=/data1/gushengda/NDS_runs_fisher_dpp/nds_cvrp_500
config=cvrp_500.yaml
gpu=1
repo=/data1/gushengda/NDS_fisher_dpp
commit=44766e090c575876b47c741d84016cb14ee2a269
started_at=2026-07-25T08:07:35+00:00
[2026-07-25 08:07:38] train.py(60) : ================================================================================
Configuration
================================================================================
env_params:
  problem: cvrp
  problem_size: 500
  num_nodes_to_remove: 15
  iterations_per_instance: 100
  recreate_n: 5
  beta: 0
  insert_in_new_tours_only: true
  num_processes: 8
  generator_params:
    use_X_generator: false
    rootPos: 2
    custPos: 2
    demandType: 2
    avgRouteSize: 3
  starting_solution_params:
    nb_iterations: 100
    nb_nodes_ratio: 0.25
model_params:
  problem: ${env_params.problem}
  embedding_dim: 128
  poly_embedding_dim: 256
  sqrt_embedding_dim: 11.3137
  encoder_layer_num: 2
  tour_layer: true
  message_passing_layer_num: 1
  encoder_layer_num_2: 2
  qkv_dim: 16
  head_num: 8
  logit_clipping: 10
  ff_hidden_dim: 512
  eval_type: softmax
  z_dim: 10
optimizer_params:
  optimizer:
    lr: 0.0001
    weight_decay: 1.0e-06
  scheduler:
    milestones:
    - 8001
    - 8051
    gamma: 0.1
trainer_params:
  use_cuda: true
  cuda_device_num: 0
  reward_type: i
  epochs: 2000
  iterations_per_epoch: 150000
  train_batch_size: 64
  grad_acc_iterations: ${env_params.iterations_per_instance}
  rollout_size: 128
  dpp_objective:
    enabled: true
    subset_size: 16
    reward_ema_decay: 0.99
    reward_eps: 1.0e-08
    reward_clip: 10.0
    feature_eps: 1.0e-12
    match_nds_gradient_scale: true
  nb_skipped_iterations: 10
  prev_model_path: None
  model_save_interval: 10
  model_load:
    enable: false
    path: null
    epoch: null
  valid_episodes: 1000
  valid_iterations: 50
  valid_batch_size: 50
  valid_rollout_size: 100
  valid_augmentation_enable: true
  valid_aug_factor: 8
  valid_data_load:
    enable: true
    filename: data/cvrp/vrp500_valid_seed1233.pkl
logger_params:
  desc: train_cvrp_500
  wandb:
    enable: true
    project: NDS
  filepath: /data1/gushengda/NDS_runs_fisher_dpp/nds_cvrp_500
  filename: log.txt
================================================================================
[2026-07-25 08:07:38] checksum.py(46) : Failed to find compiled extension; rebuilding.
[2026-07-25 08:07:38] checksum.py(46) : Failed to find compiled extension; rebuilding.
[2026-07-25 08:07:38] checksum.py(46) : Failed to find compiled extension; rebuilding.
[2026-07-25 08:07:38] checksum.py(46) : Failed to find compiled extension; rebuilding.
[2026-07-25 08:07:38] checksum.py(46) : Failed to find compiled extension; rebuilding.
[2026-07-25 08:07:38] checksum.py(46) : Failed to find compiled extension; rebuilding.
[2026-07-25 08:07:38] checksum.py(46) : Failed to find compiled extension; rebuilding.
[2026-07-25 08:07:38] checksum.py(46) : Failed to find compiled extension; rebuilding.
[2026-07-25 08:07:39] checksum.py(46) : Failed to find compiled extension; rebuilding.
[2026-07-25 08:07:39] checksum.py(46) : Failed to find compiled extension; rebuilding.
[2026-07-25 08:07:39] checksum.py(46) : Failed to find compiled extension; rebuilding.
[2026-07-25 08:07:39] checksum.py(46) : Failed to find compiled extension; rebuilding.
wandb: WARNING Path /data1/gushengda/NDS_runs_fisher_dpp/nds_cvrp_500/wandb/wandb/ wasn't writable, using system temp directory.
[2026-07-25 08:07:39] checksum.py(46) : Failed to find compiled extension; rebuilding.
wandb: Using wandb-core as the SDK backend.  Please refer to https://wandb.me/wandb-core for more information.
[2026-07-25 08:07:39] checksum.py(46) : Failed to find compiled extension; rebuilding.
[2026-07-25 08:07:39] checksum.py(46) : Failed to find compiled extension; rebuilding.
[2026-07-25 08:07:39] checksum.py(46) : Failed to find compiled extension; rebuilding.
wandb: WARNING `resume` will be ignored since W&B syncing is set to `offline`. Starting a new run with run id 1j6rsa85.
wandb: Tracking run with wandb version 0.19.2
wandb: W&B syncing is set to `offline` in this directory.  
wandb: Run `wandb online` or set WANDB_MODE=online to enable cloud syncing.
[2026-07-25 08:07:40] trainer.py(190) : ================================================================================
/data1/gushengda/anaconda3/envs/rlco1/lib/python3.11/site-packages/torch/autograd/graph.py:825: UserWarning: cuDNN SDPA backward got grad_output.strides() != output.strides(), attempting to materialize a grad_output with matching strides... (Triggered internally at /opt/conda/conda-bld/pytorch_1727971040866/work/aten/src/ATen/native/cudnn/MHA.cpp:674.)
  return Variable._execution_engine.run_backward(  # Calls into the C++ engine to run the backward pass
[2026-07-25 08:08:16] trainer.py(557) : Epoch   1  |  Train 6400/150000 (  4.3%)  |  Reward: 0.0123  |  Loss: 0.0012  |  Improved: 0.902  |  Positive: 0.120  |  DPP:  0.260  |  Sim: 0.978  |  Cost:   40.60
[2026-07-25 08:08:48] trainer.py(557) : Epoch   1  |  Train 12800/150000 (  8.5%)  |  Reward: 0.0122  |  Loss: 0.0011  |  Improved: 0.887  |  Positive: 0.120  |  DPP:  0.328  |  Sim: 0.979  |  Cost:   40.39
[2026-07-25 08:09:17] trainer.py(557) : Epoch   1  |  Train 19200/150000 ( 12.8%)  |  Reward: 0.0121  |  Loss: 0.0010  |  Improved: 0.885  |  Positive: 0.119  |  DPP:  0.376  |  Sim: 0.980  |  Cost:   40.48
[2026-07-25 08:09:41] trainer.py(557) : Epoch   1  |  Train 25600/150000 ( 17.1%)  |  Reward: 0.0122  |  Loss: 0.0009  |  Improved: 0.890  |  Positive: 0.121  |  DPP:  0.420  |  Sim: 0.981  |  Cost:   40.47
[2026-07-25 08:10:04] trainer.py(557) : Epoch   1  |  Train 32000/150000 ( 21.3%)  |  Reward: 0.0122  |  Loss: 0.0009  |  Improved: 0.890  |  Positive: 0.120  |  DPP:  0.438  |  Sim: 0.981  |  Cost:   40.46
[2026-07-25 08:10:26] trainer.py(557) : Epoch   1  |  Train 38400/150000 ( 25.6%)  |  Reward: 0.0124  |  Loss: 0.0008  |  Improved: 0.887  |  Positive: 0.120  |  DPP:  0.453  |  Sim: 0.982  |  Cost:   40.54
[2026-07-25 08:10:49] trainer.py(557) : Epoch   1  |  Train 44800/150000 ( 29.9%)  |  Reward: 0.0122  |  Loss: 0.0008  |  Improved: 0.886  |  Positive: 0.119  |  DPP:  0.458  |  Sim: 0.982  |  Cost:   40.50
[2026-07-25 08:11:09] trainer.py(557) : Epoch   1  |  Train 51200/150000 ( 34.1%)  |  Reward: 0.0122  |  Loss: 0.0008  |  Improved: 0.885  |  Positive: 0.118  |  DPP:  0.464  |  Sim: 0.982  |  Cost:   40.49
[2026-07-25 08:11:31] trainer.py(557) : Epoch   1  |  Train 57600/150000 ( 38.4%)  |  Reward: 0.0121  |  Loss: 0.0008  |  Improved: 0.882  |  Positive: 0.119  |  DPP:  0.469  |  Sim: 0.982  |  Cost:   40.45
[2026-07-25 08:11:58] trainer.py(557) : Epoch   1  |  Train 64000/150000 ( 42.7%)  |  Reward: 0.0121  |  Loss: 0.0008  |  Improved: 0.881  |  Positive: 0.119  |  DPP:  0.475  |  Sim: 0.981  |  Cost:   40.43
