task=baseline_pcvrp_2000
run_dir=/data1/gushengda/NDS_runs_baseline_feasibility_20260726/baseline_pcvrp_2000
config=pcvrp_2000.yaml
gpu=3
repo=/data1/gushengda/NDS_fisher_dpp
commit=6368516be2b7c1061fa68583c9876ef0217064ac
started_at=2026-07-26T04:01:36+00:00
[2026-07-26 04:01:39] train_baseline_feasibility.py(29) : Starting reward-only baseline with passive compression and non-committing repeated-tournament diagnostics
[2026-07-26 04:01:39] train_baseline_feasibility.py(33) : Resolved configuration:
env_params:
  problem: pcvrp
  problem_size: 2000
  num_nodes_to_remove: 15
  iterations_per_instance: 100
  recreate_n: 5
  beta: 0
  insert_in_new_tours_only: true
  num_processes: 8
  generator_params:
    use_X_generator: true
    rootPos: 2
    custPos: 2
    demandType: 2
    avgRouteSize: 3
    prizes_min: 0.1
    prizes_max: 0.2
    prizes_alpha: 0.5
  starting_solution_params:
    nb_iterations: 100
    nb_nodes_ratio: 0.25
model_params:
  problem: ${env_params.problem}
  embedding_dim: 128
  poly_embedding_dim: 256
  sqrt_embedding_dim: 11.3137
  encoder_layer_num: 2
  tour_layer: true
  message_passing_layer_num: 1
  encoder_layer_num_2: 2
  qkv_dim: 16
  head_num: 8
  logit_clipping: 10
  ff_hidden_dim: 512
  eval_type: softmax
  z_dim: 10
optimizer_params:
  optimizer:
    lr: 0.0001
    weight_decay: 1.0e-06
  scheduler:
    milestones:
    - 8001
    - 8051
    gamma: 0.1
trainer_params:
  use_cuda: true
  cuda_device_num: 0
  reward_type: i
  epochs: 500
  iterations_per_epoch: 150000
  train_batch_size: 64
  grad_acc_iterations: ${env_params.iterations_per_instance}
  rollout_size: 128
  dpp_objective:
    enabled: false
    subset_size: 16
    reward_ema_decay: 0.99
    reward_eps: 1.0e-08
    reward_clip: 10.0
    feature_eps: 1.0e-12
    match_nds_gradient_scale: true
  nb_skipped_iterations: 10
  prev_model_path: None
  model_save_interval: 10
  model_load:
    enable: true
    path: result/train_pcvrp_1000
    epoch: 1500
  valid_episodes: 1000
  valid_iterations: 50
  valid_batch_size: 25
  valid_rollout_size: 100
  valid_augmentation_enable: true
  valid_aug_factor: 8
  valid_data_load:
    enable: true
    filename: data/pcvrp/pcvrp2000_valid_seed1233_2_2_2_3_0.1_0.2_0.5.pt
  feasibility_diagnostics:
    enabled: true
    probe_enabled: true
    subset_sizes:
    - 8
    - 16
    - 32
    - 64
    panel_size: 64
    probe_interval: 97
    probe_seed: 20260726
logger_params:
  desc: train_pcvrp_2000
  wandb:
    enable: true
    project: NDS
  filepath: /data1/gushengda/NDS_runs_baseline_feasibility_20260726/baseline_pcvrp_2000
  filename: log.txt

Traceback (most recent call last):
  File "/data1/gushengda/NDS_runs_baseline_feasibility_20260726/baseline_pcvrp_2000/train_baseline_feasibility.py", line 65, in <module>
    main(config)
  File "/data1/gushengda/NDS_runs_baseline_feasibility_20260726/baseline_pcvrp_2000/train_baseline_feasibility.py", line 35, in main
    trainer = Trainer(
              ^^^^^^^^
  File "/data1/gushengda/NDS_fisher_dpp/src/baseline_feasibility.py", line 431, in diagnostic_init
    original_init(self, *args, **kwargs)
  File "/data1/gushengda/NDS_fisher_dpp/src/trainer.py", line 98, in __init__
    self._load_checkpoint_if_exists()
  File "/data1/gushengda/NDS_fisher_dpp/src/trainer.py", line 135, in _load_checkpoint_if_exists
    checkpoint = torch.load(
                 ^^^^^^^^^^^
  File "/data1/gushengda/anaconda3/envs/rlco1/lib/python3.11/site-packages/torch/serialization.py", line 1319, in load
    with _open_file_like(f, "rb") as opened_file:
         ^^^^^^^^^^^^^^^^^^^^^^^^
  File "/data1/gushengda/anaconda3/envs/rlco1/lib/python3.11/site-packages/torch/serialization.py", line 659, in _open_file_like
    return _open_file(name_or_buffer, mode)
           ^^^^^^^^^^^^^^^^^^^^^^^^^^^^^^^^
  File "/data1/gushengda/anaconda3/envs/rlco1/lib/python3.11/site-packages/torch/serialization.py", line 640, in __init__
    super().__init__(open(name, mode))
                     ^^^^^^^^^^^^^^^^
FileNotFoundError: [Errno 2] No such file or directory: 'result/train_pcvrp_1000/checkpoint-1500.pt'
