task=pcvrp_1000
run_dir=/data1/gushengda/NDS_runs_fisher_dpp/nds_pcvrp_1000
config=pcvrp_1000.yaml
gpu=2
repo=/data1/gushengda/NDS_fisher_dpp
commit=44766e090c575876b47c741d84016cb14ee2a269
started_at=2026-07-25T08:07:34+00:00
[2026-07-25 08:07:37] train.py(60) : ================================================================================
Configuration
================================================================================
env_params:
  problem: pcvrp
  problem_size: 1000
  num_nodes_to_remove: 15
  iterations_per_instance: 100
  recreate_n: 5
  beta: 0
  insert_in_new_tours_only: true
  num_processes: 8
  generator_params:
    use_X_generator: true
    rootPos: 2
    custPos: 2
    demandType: 2
    avgRouteSize: 3
    prizes_min: 0.1
    prizes_max: 0.2
    prizes_alpha: 0.5
  starting_solution_params:
    nb_iterations: 100
    nb_nodes_ratio: 0.25
model_params:
  problem: ${env_params.problem}
  embedding_dim: 128
  poly_embedding_dim: 256
  sqrt_embedding_dim: 11.3137
  encoder_layer_num: 2
  tour_layer: true
  message_passing_layer_num: 1
  encoder_layer_num_2: 2
  qkv_dim: 16
  head_num: 8
  logit_clipping: 10
  ff_hidden_dim: 512
  eval_type: softmax
  z_dim: 10
optimizer_params:
  optimizer:
    lr: 0.0001
    weight_decay: 1.0e-06
  scheduler:
    milestones:
    - 8001
    - 8051
    gamma: 0.1
trainer_params:
  use_cuda: true
  cuda_device_num: 0
  reward_type: i
  epochs: 2000
  iterations_per_epoch: 150000
  train_batch_size: 64
  grad_acc_iterations: ${env_params.iterations_per_instance}
  rollout_size: 128
  dpp_objective:
    enabled: true
    subset_size: 16
    reward_ema_decay: 0.99
    reward_eps: 1.0e-08
    reward_clip: 10.0
    feature_eps: 1.0e-12
    match_nds_gradient_scale: true
  nb_skipped_iterations: 10
  prev_model_path: None
  model_save_interval: 10
  model_load:
    enable: false
    path: null
    epoch: null
  valid_episodes: 1000
  valid_iterations: 50
  valid_batch_size: 50
  valid_rollout_size: 100
  valid_augmentation_enable: true
  valid_aug_factor: 8
  valid_data_load:
    enable: true
    filename: data/pcvrp/pcvrp1000_valid_seed1233_2_2_2_3_0.1_0.2_0.5.pt
logger_params:
  desc: train_pcvrp_1000
  wandb:
    enable: true
    project: NDS
  filepath: /data1/gushengda/NDS_runs_fisher_dpp/nds_pcvrp_1000
  filename: log.txt
================================================================================
[2026-07-25 08:07:37] checksum.py(46) : Failed to find compiled extension; rebuilding.
[2026-07-25 08:07:37] checksum.py(46) : Failed to find compiled extension; rebuilding.
[2026-07-25 08:07:37] checksum.py(46) : Failed to find compiled extension; rebuilding.
[2026-07-25 08:07:37] checksum.py(46) : Failed to find compiled extension; rebuilding.
[2026-07-25 08:07:37] checksum.py(46) : Failed to find compiled extension; rebuilding.
[2026-07-25 08:07:37] checksum.py(46) : Failed to find compiled extension; rebuilding.
[2026-07-25 08:07:37] checksum.py(46) : Failed to find compiled extension; rebuilding.
[2026-07-25 08:07:37] checksum.py(46) : Failed to find compiled extension; rebuilding.
wandb: WARNING Path /data1/gushengda/NDS_runs_fisher_dpp/nds_pcvrp_1000/wandb/wandb/ wasn't writable, using system temp directory.
wandb: Using wandb-core as the SDK backend.  Please refer to https://wandb.me/wandb-core for more information.
[2026-07-25 08:07:38] checksum.py(46) : Failed to find compiled extension; rebuilding.
[2026-07-25 08:07:38] checksum.py(46) : Failed to find compiled extension; rebuilding.
[2026-07-25 08:07:38] checksum.py(46) : Failed to find compiled extension; rebuilding.
[2026-07-25 08:07:38] checksum.py(46) : Failed to find compiled extension; rebuilding.
[2026-07-25 08:07:38] checksum.py(46) : Failed to find compiled extension; rebuilding.
[2026-07-25 08:07:38] checksum.py(46) : Failed to find compiled extension; rebuilding.
wandb: WARNING `resume` will be ignored since W&B syncing is set to `offline`. Starting a new run with run id dhin6520.
[2026-07-25 08:07:39] checksum.py(46) : Failed to find compiled extension; rebuilding.
[2026-07-25 08:07:39] checksum.py(46) : Failed to find compiled extension; rebuilding.
wandb: Tracking run with wandb version 0.19.4
wandb: W&B syncing is set to `offline` in this directory.  
wandb: Run `wandb online` or set WANDB_MODE=online to enable cloud syncing.
[2026-07-25 08:07:39] trainer.py(190) : ================================================================================
/data1/gushengda/anaconda3/envs/rlco1/lib/python3.11/site-packages/torch/autograd/graph.py:825: UserWarning: cuDNN SDPA backward got grad_output.strides() != output.strides(), attempting to materialize a grad_output with matching strides... (Triggered internally at /opt/conda/conda-bld/pytorch_1727971040866/work/aten/src/ATen/native/cudnn/MHA.cpp:674.)
  return Variable._execution_engine.run_backward(  # Calls into the C++ engine to run the backward pass
[2026-07-25 08:08:22] trainer.py(557) : Epoch   1  |  Train 6400/150000 (  4.3%)  |  Reward: 0.0307  |  Loss: 0.0032  |  Improved: 1.000  |  Positive: 0.363  |  DPP:  1.063  |  Sim: 0.988  |  Cost:   93.11
[2026-07-25 08:08:54] trainer.py(557) : Epoch   1  |  Train 12800/150000 (  8.5%)  |  Reward: 0.0328  |  Loss: 0.0030  |  Improved: 1.000  |  Positive: 0.361  |  DPP:  1.244  |  Sim: 0.988  |  Cost:   98.33
[2026-07-25 08:09:26] trainer.py(557) : Epoch   1  |  Train 19200/150000 ( 12.8%)  |  Reward: 0.0316  |  Loss: 0.0028  |  Improved: 1.000  |  Positive: 0.352  |  DPP:  1.284  |  Sim: 0.988  |  Cost:   97.88
[2026-07-25 08:09:57] trainer.py(557) : Epoch   1  |  Train 25600/150000 ( 17.1%)  |  Reward: 0.0309  |  Loss: 0.0026  |  Improved: 1.000  |  Positive: 0.349  |  DPP:  1.324  |  Sim: 0.989  |  Cost:   97.35
[2026-07-25 08:10:29] trainer.py(557) : Epoch   1  |  Train 32000/150000 ( 21.3%)  |  Reward: 0.0301  |  Loss: 0.0025  |  Improved: 1.000  |  Positive: 0.346  |  DPP:  1.347  |  Sim: 0.989  |  Cost:   95.86
[2026-07-25 08:11:01] trainer.py(557) : Epoch   1  |  Train 38400/150000 ( 25.6%)  |  Reward: 0.0294  |  Loss: 0.0024  |  Improved: 1.000  |  Positive: 0.344  |  DPP:  1.361  |  Sim: 0.989  |  Cost:   94.52
[2026-07-25 08:11:33] trainer.py(557) : Epoch   1  |  Train 44800/150000 ( 29.9%)  |  Reward: 0.0290  |  Loss: 0.0023  |  Improved: 1.000  |  Positive: 0.344  |  DPP:  1.378  |  Sim: 0.989  |  Cost:   94.13
[2026-07-25 08:12:04] trainer.py(557) : Epoch   1  |  Train 51200/150000 ( 34.1%)  |  Reward: 0.0287  |  Loss: 0.0022  |  Improved: 1.000  |  Positive: 0.344  |  DPP:  1.392  |  Sim: 0.989  |  Cost:   94.33
[2026-07-25 08:12:36] trainer.py(557) : Epoch   1  |  Train 57600/150000 ( 38.4%)  |  Reward: 0.0285  |  Loss: 0.0022  |  Improved: 1.000  |  Positive: 0.345  |  DPP:  1.409  |  Sim: 0.989  |  Cost:   93.79
[2026-07-25 08:13:08] trainer.py(557) : Epoch   1  |  Train 64000/150000 ( 42.7%)  |  Reward: 0.0285  |  Loss: 0.0022  |  Improved: 1.000  |  Positive: 0.345  |  DPP:  1.418  |  Sim: 0.988  |  Cost:   93.06
