task=baseline_smoke_cvrp100_r2
run_dir=/data1/gushengda/NDS_runs_baseline_feasibility/bfws-baseline-smoke-20260726-g51-r2
config=cvrp_100.yaml
gpu=0
repo=/data1/gushengda/NDS_fisher_dpp
commit=d3a0b3ea2b7148b4d5b55830f152716302e2d92e
started_at=2026-07-26T03:54:09+00:00
[2026-07-26 03:54:12] train_baseline_feasibility.py(29) : Starting reward-only baseline with passive compression and non-committing repeated-tournament diagnostics
[2026-07-26 03:54:12] train_baseline_feasibility.py(33) : Resolved configuration:
env_params:
  problem: cvrp
  problem_size: 100
  num_nodes_to_remove: 15
  iterations_per_instance: 4
  recreate_n: 2
  beta: 0
  insert_in_new_tours_only: true
  num_processes: 2
  generator_params:
    use_X_generator: false
    rootPos: 2
    custPos: 2
    demandType: 2
    avgRouteSize: 3
  starting_solution_params:
    nb_iterations: 50
    nb_nodes_ratio: 0.15
model_params:
  problem: ${env_params.problem}
  embedding_dim: 128
  poly_embedding_dim: 256
  sqrt_embedding_dim: 11.3137
  encoder_layer_num: 2
  tour_layer: true
  message_passing_layer_num: 1
  encoder_layer_num_2: 2
  qkv_dim: 16
  head_num: 8
  logit_clipping: 10
  ff_hidden_dim: 512
  eval_type: softmax
  z_dim: 10
optimizer_params:
  optimizer:
    lr: 0.0001
    weight_decay: 1.0e-06
  scheduler:
    milestones:
    - 8001
    - 8051
    gamma: 0.1
trainer_params:
  use_cuda: true
  cuda_device_num: 0
  reward_type: i
  epochs: 1
  iterations_per_epoch: 16
  train_batch_size: 4
  grad_acc_iterations: 4
  rollout_size: 16
  dpp_objective:
    enabled: false
    subset_size: 16
    reward_ema_decay: 0.99
    reward_eps: 1.0e-08
    reward_clip: 10.0
    feature_eps: 1.0e-12
    match_nds_gradient_scale: true
  nb_skipped_iterations: 0
  prev_model_path: None
  model_save_interval: 1
  model_load:
    enable: false
    path: null
    epoch: null
  valid_episodes: 1000
  valid_iterations: 50
  valid_batch_size: 50
  valid_rollout_size: 100
  valid_augmentation_enable: true
  valid_aug_factor: 8
  valid_data_load:
    enable: true
    filename: data/cvrp/vrp100_valid_seed1233.pkl
  feasibility_diagnostics:
    enabled: true
    probe_enabled: true
    subset_sizes:
    - 2
    - 4
    - 8
    panel_size: 8
    probe_interval: 2
    probe_seed: 20260726
logger_params:
  desc: train_cvrp_100
  wandb:
    enable: false
    project: NDS
  filepath: /data1/gushengda/NDS_runs_baseline_feasibility/bfws-baseline-smoke-20260726-g51-r2
  filename: log.txt

[2026-07-26 03:54:13] trainer.py(190) : ================================================================================
/data1/gushengda/anaconda3/envs/rlco1/lib/python3.11/site-packages/torch/autograd/graph.py:825: UserWarning: cuDNN SDPA backward got grad_output.strides() != output.strides(), attempting to materialize a grad_output with matching strides... (Triggered internally at /opt/conda/conda-bld/pytorch_1727971040866/work/aten/src/ATen/native/cudnn/MHA.cpp:674.)
  return Variable._execution_engine.run_backward(  # Calls into the C++ engine to run the backward pass
Traceback (most recent call last):
  File "/data1/gushengda/NDS_runs_baseline_feasibility/bfws-baseline-smoke-20260726-g51-r2/train_baseline_feasibility.py", line 65, in <module>
    main(config)
  File "/data1/gushengda/NDS_runs_baseline_feasibility/bfws-baseline-smoke-20260726-g51-r2/train_baseline_feasibility.py", line 42, in main
    trainer.run()
  File "/data1/gushengda/NDS_fisher_dpp/src/trainer.py", line 193, in run
    metrics = self._train_one_epoch(epoch)
              ^^^^^^^^^^^^^^^^^^^^^^^^^^^^
  File "/data1/gushengda/NDS_fisher_dpp/src/baseline_feasibility.py", line 435, in diagnostic_train_epoch
    return original_train_epoch(self, epoch)
           ^^^^^^^^^^^^^^^^^^^^^^^^^^^^^^^^^
  File "/data1/gushengda/NDS_fisher_dpp/src/trainer.py", line 255, in _train_one_epoch
    batch_metrics = self._train_one_batch(self.batch_size)
                    ^^^^^^^^^^^^^^^^^^^^^^^^^^^^^^^^^^^^^^
  File "/data1/gushengda/NDS_fisher_dpp/src/baseline_feasibility.py", line 333, in _diagnostic_train_one_batch
    probe_metrics = _run_shadow_probe(self, batch_size)
                    ^^^^^^^^^^^^^^^^^^^^^^^^^^^^^^^^^^^
  File "/data1/gushengda/NDS_fisher_dpp/src/baseline_feasibility.py", line 259, in _run_shadow_probe
    selected_nodes = _probe_rollout(self, z_probe)
                     ^^^^^^^^^^^^^^^^^^^^^^^^^^^^^
  File "/data1/gushengda/NDS_fisher_dpp/src/baseline_feasibility.py", line 232, in _probe_rollout
    self.model.decoder.set_kv(self.model.encoded_nodes, z_probe)
  File "/data1/gushengda/NDS_fisher_dpp/src/model.py", line 585, in set_kv
    self.k = reshape_by_heads(self.Wk(encoded_nodes), self.head_num)
                              ^^^^^^^^^^^^^^^^^^^^^^
  File "/data1/gushengda/anaconda3/envs/rlco1/lib/python3.11/site-packages/torch/nn/modules/module.py", line 1736, in _wrapped_call_impl
    return self._call_impl(*args, **kwargs)
           ^^^^^^^^^^^^^^^^^^^^^^^^^^^^^^^^
  File "/data1/gushengda/anaconda3/envs/rlco1/lib/python3.11/site-packages/torch/nn/modules/module.py", line 1747, in _call_impl
    return forward_call(*args, **kwargs)
           ^^^^^^^^^^^^^^^^^^^^^^^^^^^^^
  File "/data1/gushengda/anaconda3/envs/rlco1/lib/python3.11/site-packages/torch/nn/modules/linear.py", line 125, in forward
    return F.linear(input, self.weight, self.bias)
           ^^^^^^^^^^^^^^^^^^^^^^^^^^^^^^^^^^^^^^^
RuntimeError: expected mat1 and mat2 to have the same dtype, but got: c10::Half != float
