task=baseline_cvrp_1000
run_dir=/data1/gushengda/NDS_runs_baseline_feasibility_20260726/baseline_cvrp_1000
config=cvrp_1000.yaml
gpu=2
repo=/data1/gushengda/NDS_fisher_dpp
commit=6368516be2b7c1061fa68583c9876ef0217064ac
started_at=2026-07-26T04:01:37+00:00
[2026-07-26 04:01:39] train_baseline_feasibility.py(29) : Starting reward-only baseline with passive compression and non-committing repeated-tournament diagnostics
[2026-07-26 04:01:39] train_baseline_feasibility.py(33) : Resolved configuration:
env_params:
  problem: cvrp
  problem_size: 1000
  num_nodes_to_remove: 15
  iterations_per_instance: 100
  recreate_n: 5
  beta: 0
  insert_in_new_tours_only: true
  num_processes: 8
  generator_params:
    use_X_generator: false
    rootPos: 2
    custPos: 2
    demandType: 2
    avgRouteSize: 3
  starting_solution_params:
    nb_iterations: 100
    nb_nodes_ratio: 0.25
model_params:
  problem: ${env_params.problem}
  embedding_dim: 128
  poly_embedding_dim: 256
  sqrt_embedding_dim: 11.3137
  encoder_layer_num: 2
  tour_layer: true
  message_passing_layer_num: 1
  encoder_layer_num_2: 2
  qkv_dim: 16
  head_num: 8
  logit_clipping: 10
  ff_hidden_dim: 512
  eval_type: softmax
  z_dim: 10
optimizer_params:
  optimizer:
    lr: 0.0001
    weight_decay: 1.0e-06
  scheduler:
    milestones:
    - 8001
    - 8051
    gamma: 0.1
trainer_params:
  use_cuda: true
  cuda_device_num: 0
  reward_type: i
  epochs: 2000
  iterations_per_epoch: 150000
  train_batch_size: 64
  grad_acc_iterations: ${env_params.iterations_per_instance}
  rollout_size: 128
  dpp_objective:
    enabled: false
    subset_size: 16
    reward_ema_decay: 0.99
    reward_eps: 1.0e-08
    reward_clip: 10.0
    feature_eps: 1.0e-12
    match_nds_gradient_scale: true
  nb_skipped_iterations: 10
  prev_model_path: None
  model_save_interval: 10
  model_load:
    enable: false
    path: null
    epoch: null
  valid_episodes: 1000
  valid_iterations: 50
  valid_batch_size: 50
  valid_rollout_size: 100
  valid_augmentation_enable: true
  valid_aug_factor: 8
  valid_data_load:
    enable: true
    filename: data/cvrp/vrp1000_valid_seed1233.pkl
  feasibility_diagnostics:
    enabled: true
    probe_enabled: true
    subset_sizes:
    - 8
    - 16
    - 32
    - 64
    panel_size: 64
    probe_interval: 97
    probe_seed: 20260726
logger_params:
  desc: train_cvrp_1000
  wandb:
    enable: true
    project: NDS
  filepath: /data1/gushengda/NDS_runs_baseline_feasibility_20260726/baseline_cvrp_1000
  filename: log.txt

wandb: WARNING Path /data1/gushengda/NDS_runs_baseline_feasibility_20260726/baseline_cvrp_1000/wandb/wandb/ wasn't writable, using system temp directory.
wandb: Using wandb-core as the SDK backend.  Please refer to https://wandb.me/wandb-core for more information.
wandb: WARNING `resume` will be ignored since W&B syncing is set to `offline`. Starting a new run with run id 1rjxdmq9.
wandb: Tracking run with wandb version 0.19.2
wandb: W&B syncing is set to `offline` in this directory.  
wandb: Run `wandb online` or set WANDB_MODE=online to enable cloud syncing.
[2026-07-26 04:01:42] trainer.py(190) : ================================================================================
/data1/gushengda/anaconda3/envs/rlco1/lib/python3.11/site-packages/torch/autograd/graph.py:825: UserWarning: cuDNN SDPA backward got grad_output.strides() != output.strides(), attempting to materialize a grad_output with matching strides... (Triggered internally at /opt/conda/conda-bld/pytorch_1727971040866/work/aten/src/ATen/native/cudnn/MHA.cpp:674.)
  return Variable._execution_engine.run_backward(  # Calls into the C++ engine to run the backward pass
[2026-07-26 04:02:19] trainer.py(557) : Epoch   1  |  Train 6400/150000 (  4.3%)  |  Reward: 0.0125  |  Loss: 0.0097  |  Improved: 0.884  |  Positive: 0.135  |  DPP:  0.000  |  Sim: 0.000  |  Cost:   47.81
[2026-07-26 04:02:55] trainer.py(557) : Epoch   1  |  Train 12800/150000 (  8.5%)  |  Reward: 0.0121  |  Loss: 0.0092  |  Improved: 0.893  |  Positive: 0.144  |  DPP:  0.000  |  Sim: 0.000  |  Cost:   47.60
[2026-07-26 04:03:30] trainer.py(557) : Epoch   1  |  Train 19200/150000 ( 12.8%)  |  Reward: 0.0123  |  Loss: 0.0092  |  Improved: 0.906  |  Positive: 0.151  |  DPP:  0.000  |  Sim: 0.000  |  Cost:   47.73
[2026-07-26 04:04:03] trainer.py(557) : Epoch   1  |  Train 25600/150000 ( 17.1%)  |  Reward: 0.0119  |  Loss: 0.0087  |  Improved: 0.902  |  Positive: 0.149  |  DPP:  0.000  |  Sim: 0.000  |  Cost:   47.82
[2026-07-26 04:04:36] trainer.py(557) : Epoch   1  |  Train 32000/150000 ( 21.3%)  |  Reward: 0.0119  |  Loss: 0.0084  |  Improved: 0.897  |  Positive: 0.148  |  DPP:  0.000  |  Sim: 0.000  |  Cost:   47.80
[2026-07-26 04:05:09] trainer.py(557) : Epoch   1  |  Train 38400/150000 ( 25.6%)  |  Reward: 0.0119  |  Loss: 0.0082  |  Improved: 0.900  |  Positive: 0.148  |  DPP:  0.000  |  Sim: 0.000  |  Cost:   47.78
[2026-07-26 04:05:41] trainer.py(557) : Epoch   1  |  Train 44800/150000 ( 29.9%)  |  Reward: 0.0120  |  Loss: 0.0082  |  Improved: 0.898  |  Positive: 0.147  |  DPP:  0.000  |  Sim: 0.000  |  Cost:   47.71
[2026-07-26 04:06:13] trainer.py(557) : Epoch   1  |  Train 51200/150000 ( 34.1%)  |  Reward: 0.0120  |  Loss: 0.0081  |  Improved: 0.898  |  Positive: 0.146  |  DPP:  0.000  |  Sim: 0.000  |  Cost:   47.62
[2026-07-26 04:06:46] trainer.py(557) : Epoch   1  |  Train 57600/150000 ( 38.4%)  |  Reward: 0.0121  |  Loss: 0.0080  |  Improved: 0.896  |  Positive: 0.146  |  DPP:  0.000  |  Sim: 0.000  |  Cost:   47.43
[2026-07-26 04:07:19] trainer.py(557) : Epoch   1  |  Train 64000/150000 ( 42.7%)  |  Reward: 0.0120  |  Loss: 0.0080  |  Improved: 0.896  |  Positive: 0.145  |  DPP:  0.000  |  Sim: 0.000  |  Cost:   47.40
