task=baseline_smoke_pcvrp100_r3
run_dir=/data1/gushengda/NDS_runs_baseline_feasibility/bfws-baseline-smoke-20260726-g52-r3
config=pcvrp_100.yaml
gpu=0
repo=/data1/gushengda/NDS_fisher_dpp
commit=6368516be2b7c1061fa68583c9876ef0217064ac
started_at=2026-07-26T03:59:08+00:00
[2026-07-26 03:59:10] train_baseline_feasibility.py(29) : Starting reward-only baseline with passive compression and non-committing repeated-tournament diagnostics
[2026-07-26 03:59:10] train_baseline_feasibility.py(33) : Resolved configuration:
env_params:
  problem: pcvrp
  problem_size: 100
  num_nodes_to_remove: 15
  iterations_per_instance: 4
  recreate_n: 2
  beta: 0
  insert_in_new_tours_only: true
  num_processes: 2
  generator_params:
    use_X_generator: true
    rootPos: 2
    custPos: 2
    demandType: 2
    avgRouteSize: 3
    prizes_min: 0.1
    prizes_max: 0.2
    prizes_alpha: 0.5
  starting_solution_params:
    nb_iterations: 50
    nb_nodes_ratio: 0.15
model_params:
  problem: ${env_params.problem}
  embedding_dim: 128
  poly_embedding_dim: 256
  sqrt_embedding_dim: 11.3137
  encoder_layer_num: 2
  tour_layer: true
  message_passing_layer_num: 1
  encoder_layer_num_2: 2
  qkv_dim: 16
  head_num: 8
  logit_clipping: 10
  ff_hidden_dim: 512
  eval_type: softmax
  z_dim: 10
optimizer_params:
  optimizer:
    lr: 0.0001
    weight_decay: 1.0e-06
  scheduler:
    milestones:
    - 8001
    - 8051
    gamma: 0.1
trainer_params:
  use_cuda: true
  cuda_device_num: 0
  reward_type: i
  epochs: 1
  iterations_per_epoch: 16
  train_batch_size: 4
  grad_acc_iterations: 4
  rollout_size: 16
  dpp_objective:
    enabled: false
    subset_size: 16
    reward_ema_decay: 0.99
    reward_eps: 1.0e-08
    reward_clip: 10.0
    feature_eps: 1.0e-12
    match_nds_gradient_scale: true
  nb_skipped_iterations: 0
  prev_model_path: None
  model_save_interval: 1
  model_load:
    enable: false
    path: null
    epoch: null
  valid_episodes: 1000
  valid_iterations: 50
  valid_batch_size: 50
  valid_rollout_size: 100
  valid_augmentation_enable: true
  valid_aug_factor: 8
  valid_data_load:
    enable: true
    filename: data/pcvrp/pcvrp100_valid_seed1233_2_2_2_3_0.1_0.2_0.5.pt
  feasibility_diagnostics:
    enabled: true
    probe_enabled: true
    subset_sizes:
    - 2
    - 4
    - 8
    panel_size: 8
    probe_interval: 2
    probe_seed: 20260726
logger_params:
  desc: train_pcvrp_100
  wandb:
    enable: false
    project: NDS
  filepath: /data1/gushengda/NDS_runs_baseline_feasibility/bfws-baseline-smoke-20260726-g52-r3
  filename: log.txt

[2026-07-26 03:59:12] trainer.py(190) : ================================================================================
/data1/gushengda/anaconda3/envs/rlco1/lib/python3.11/site-packages/torch/autograd/graph.py:825: UserWarning: cuDNN SDPA backward got grad_output.strides() != output.strides(), attempting to materialize a grad_output with matching strides... (Triggered internally at /opt/conda/conda-bld/pytorch_1727971040866/work/aten/src/ATen/native/cudnn/MHA.cpp:674.)
  return Variable._execution_engine.run_backward(  # Calls into the C++ engine to run the backward pass
[2026-07-26 03:59:14] trainer.py(557) : Epoch   1  |  Train   16/  16 (100.0%)  |  Reward: 0.2520  |  Loss: 0.8324  |  Improved: 1.000  |  Positive: 0.395  |  DPP:  0.000  |  Sim: 0.000  |  Cost:   10.95
[2026-07-26 03:59:14] trainer.py(576) : Epoch   1  |  Reward: 0.2520  |  Loss: 0.8324  |  Improved: 1.000  |  Positive: 0.395  |  DPP:  0.000  |  Sim: 0.000  |  Cost:   10.95
[2026-07-26 03:59:14] baseline_feasibility.py(463) : Feasibility | Ret@8: 0.7633 | Margin: 0.4699 | BWS@8: -0.1429 | UsefulRepeat: 0.0000 | K_eff: 5.66 | Enc/DecProbe/RepairProbe ms: 5.4/256.0/1.8
[2026-07-26 03:59:14] trainer.py(618) : Epoch   1/  1  |  Elapsed: 0.04m  |  Remain: 0.00m
[2026-07-26 03:59:14] trainer.py(629) : Saving checkpoint
[2026-07-26 03:59:14] trainer.py(208) : ================================================================================
[2026-07-26 03:59:14] trainer.py(209) : Training Complete
[2026-07-26 03:59:14] trainer.py(210) : ================================================================================
